PA 噪声原因与去相关处理日志
================================

记录日期：2026-08-24
研究目录：noise_cause_review
原始数据：/mnt/c/neuws_data/raw/2026_0821/
数据形状：600 × 600 × 512，其中 600 × 600 为扫描平面，512 为单条 PA A-line 深度采样
采样率：500 MS/s
触发延时：12.3 us


1. 噪声原因结论
----------------

当前判断：图像中的主要孤立噪点来源为电机对 PA 采集通道产生的串扰。

主要依据：

1) 不同噪点位置的 PA A-line 具有高度相似的波形形状，但波形出现在 512 点记录中的位置不同。
2) 代表性噪点的 PA 峰值分别出现在第 44、61、77、502、94 和 296 点，说明串扰相对于 PA 采样触发具有不同的时间偏移或相位。
3) 同一位置的 PD 波形在形状、峰值位置和幅值上基本稳定，PD 峰值约为 1327–1350 ADC，因此激光能量波动不是这些噪点的主要原因。
4) 固定有效深度窗可以去除大部分窗外噪点，但无法去除第 296 点附近的窗内噪声，说明仅使用深度门控不够。
5) 将噪声波形对齐后，它们与固定模板的归一化互相关系数达到 0.899–0.957，而代表性连续 PA 信号仅为 0.080–0.205。

因此，电机串扰可以建模为：

    x(n) = s(n) + alpha * t(n - tau) + e(n)

其中：

    x(n)     为采集到的 A-line；
    s(n)     为真实 PA 信号；
    t(n)     为固定的电机串扰模板；
    tau      为串扰在当前 A-line 中的随机时间偏移；
    alpha    为串扰幅值及极性系数；
    e(n)     为模板减法后剩余的不相关底噪。


2. 固定串扰模板的拟合
----------------------

模板来源：代表性噪点 N1–N6。

拟合步骤：

1) 读取每个噪点位置完整的 512 点 PA A-line。
2) 每条 A-line 减去自身中位数，消除直流基线差异。
3) 找到每条 A-line 的正峰值位置，并将这些峰值对齐到相对位置 0。
4) 将各条曲线的峰值幅度归一到共同的中位峰值幅度。
5) 截取峰值前后各 180 点，共 361 点。
6) 对对齐后的多条曲线逐点取稳健中位数。
7) 去除模板两端之间的线性偏置，并使用轻微 Tukey 窗使模板边缘平滑回到零。

生成的固定模板：

    results/template_xcorr_v1/fitted_noise_template.csv

模板检查图：

    results/template_xcorr_v1/01_fitted_noise_template.png


3. 去相关检测与模板减法
------------------------

对每条待处理 PA A-line 执行以下流程：

1) 使用该 A-line 的中位数进行基线校正。
2) 在所有可能的时间位置计算 A-line 与固定模板的归一化互相关。
3) 先排除拟合模板峰值低于 80 ADC 的低能量位置，避免边界处低能量信号产生虚假高相关。
4) 在剩余位置中寻找最大绝对相关系数，并得到串扰中心位置 tau。
5) 只有满足以下条件时才判定为电机串扰：

       abs(NCC) >= 0.70
       fitted_template_peak >= 80 ADC

6) 根据 tau 对模板进行非循环平移。超出 A-line 范围的部分直接舍弃，不允许绕回另一端。
7) 使用最小二乘估计串扰幅值，而不是直接将相关系数作为幅值：

       alpha = dot(x, t_shifted) / dot(t_shifted, t_shifted)

8) 从原始 A-line 中减去拟合的串扰成分：

       x_clean = x - alpha * t_shifted

该方法同时适用于串扰出现在记录开头、中间、有效 PA 窗内或记录末端的情况。


4. 与原 MATLAB 程序的关键差别
-------------------------------

参考程序 clean_noise.m 的总体方向是正确的，即通过互相关寻找时间偏移，再减去平移后的噪声模板。

当前实现进行了以下修正：

1) 使用最大绝对互相关统一处理正负极性，避免检测阶段和定位阶段的符号标准不一致。
2) 不使用相关系数作为模板幅值，因为相关系数只表示形状相似度，不表示实际振幅。
3) 使用最小二乘系数 alpha 估计每条 A-line 中串扰的实际幅值。
4) 使用非循环平移，避免 circshift 将记录末端的波形绕回记录开头。
5) 在选择最大相关位置前先检查拟合幅值，避免低能量边界产生虚假的高相关。
6) 采用分块流式处理，避免将完整三维数据复制成多个 double 数组。


5. 第一轮整图验证结果
----------------------

处理数据：600 × 600 × 512 PA 体数据。
使用 PD：否。
修改原始数据：否。
当前只输出去噪后的投影和诊断文件，未写出去噪后的完整三维体数据。

验证结果：

1) 全图共匹配并处理 10,883 个像素，占 360,000 个像素的 3.02%。
2) 原图中共有 1,094 个强孤立亮点候选，处理后在相同阈值下仅剩 2 个。
3) 强孤立亮点减少 1,092 个，去除比例为 99.82%。
4) 图像投影中位强度处理前后均为 50 ADC。
5) 投影强度 P99.7 仅从 217 ADC 变为 216 ADC。
6) 6 个代表性噪点全部被检测并减去，处理后正峰值由 194–204 ADC 降至约 39–95 ADC。
7) 6 个代表性连续结构点均未触发模板减法，投影峰值保持不变。
8) 在强相干结构区域的 2,520 个像素中，仅有 29 个触发模板减法，占 1.15%；该区域投影变化的中位数和 P95 均为 0 ADC。

结果文件：

    results/template_xcorr_v1/07_before_after_projection.png
    results/template_xcorr_v1/09_selected_noise_cleaning.png
    results/template_xcorr_v1/03_template_cleaned_mip_float32.tif
    results/template_xcorr_v1/metrics.json

实现脚本：

    scripts/template_xcorr_denoise.py


6. 模板减法后的剩余底噪
------------------------

模板减法后，N1–N6 残差的标准差约为 21–29 ADC，残差均值约为 -4.5 至 1.3 ADC。
各残差之间的零延时相关系数约为 -0.13 至 0.19，没有发现可继续统一相减的固定公共波形。

因此，剩余成分主要按不相关底噪处理：

1) 可以继续进行逐条 A-line 的中位数或线性基线校正。
2) 不建议将一条固定“底噪曲线”从所有 A-line 中统一减去。
3) 若需要生成最终图像，可以从无信号区逐条估计噪声功率，并在有效 PA 窗内进行噪声功率扣除：

       amplitude = sqrt(max(signal_power - noise_power, 0))

4) 若需要保留完整波形，应谨慎使用带通、小波软阈值或重复采集平均，避免影响真实 PA 波形。


7. 当前推荐流程
----------------

    原始 PA A-line
        -> 逐条基线校正
        -> 固定电机串扰模板互相关定位
        -> 最小二乘估计串扰幅值
        -> 减去平移后的串扰模板
        -> 估计剩余随机底噪功率
        -> 有效 PA 窗内形成最终图像


8. 使用限制与下一步验证
------------------------

1) 当前模板由同一组数据中的 6 个代表性噪点拟合，可能带有数据集特异性。
2) 在不同电机速度、扫描方向、采样率、触发延时或硬件连接状态下，应重新验证模板形状和相关阈值。
3) 应使用未参与模板拟合的独立采集数据进行盲测，确认噪点去除率和真实结构保留率。
4) 去相关有效可以证明存在“固定形状、随机延时”的串扰，但电机串扰的具体耦合路径仍需结合硬件实验确认，例如停转电机、断开电机驱动、改变屏蔽或接地后重复采集。


日志结论
--------

当前数据支持将主要孤立噪点解释为电机串扰。该串扰具有稳定波形和变化的时间位置，适合使用固定模板互相关定位，并用最小二乘幅值估计进行减法。第一轮整图验证表明该方法能够显著减少孤立噪点，同时基本保留连续 PA 结构。
